------------------------------------------------------------
Timing Analyzer Summary
------------------------------------------------------------

Type  : Slow 1100mV 85C Model Setup 'u2|pll2_125_inst|altera_pll_i|general[0].gpll~PLL_OUTPUT_COUNTER|divclk'
Slack : -1.749
TNS   : -167.498

Type  : Slow 1100mV 85C Model Setup 'CLOCK_50'
Slack : 15.690
TNS   : 0.000

Type  : Slow 1100mV 85C Model Setup 'u3|pll_25mhz_inst|altera_pll_i|general[0].gpll~PLL_OUTPUT_COUNTER|divclk'
Slack : 17.834
TNS   : 0.000

Type  : Slow 1100mV 85C Model Hold 'u3|pll_25mhz_inst|altera_pll_i|general[0].gpll~PLL_OUTPUT_COUNTER|divclk'
Slack : 0.217
TNS   : 0.000

Type  : Slow 1100mV 85C Model Hold 'u2|pll2_125_inst|altera_pll_i|general[0].gpll~PLL_OUTPUT_COUNTER|divclk'
Slack : 0.315
TNS   : 0.000

Type  : Slow 1100mV 85C Model Hold 'CLOCK_50'
Slack : 0.373
TNS   : 0.000

Type  : Slow 1100mV 85C Model Recovery 'u2|pll2_125_inst|altera_pll_i|general[0].gpll~PLL_OUTPUT_COUNTER|divclk'
Slack : -6.476
TNS   : -828.275

Type  : Slow 1100mV 85C Model Recovery 'u3|pll_25mhz_inst|altera_pll_i|general[0].gpll~PLL_OUTPUT_COUNTER|divclk'
Slack : 13.361
TNS   : 0.000

Type  : Slow 1100mV 85C Model Removal 'u3|pll_25mhz_inst|altera_pll_i|general[0].gpll~PLL_OUTPUT_COUNTER|divclk'
Slack : 0.704
TNS   : 0.000

Type  : Slow 1100mV 85C Model Removal 'u2|pll2_125_inst|altera_pll_i|general[0].gpll~PLL_OUTPUT_COUNTER|divclk'
Slack : 1.094
TNS   : 0.000

Type  : Slow 1100mV 85C Model Minimum Pulse Width 'u2|pll2_125_inst|altera_pll_i|general[0].gpll~FRACTIONAL_PLL|vcoph[0]'
Slack : 1.333
TNS   : 0.000

Type  : Slow 1100mV 85C Model Minimum Pulse Width 'u3|pll_25mhz_inst|altera_pll_i|general[0].gpll~FRACTIONAL_PLL|vcoph[0]'
Slack : 1.666
TNS   : 0.000

Type  : Slow 1100mV 85C Model Minimum Pulse Width 'u2|pll2_125_inst|altera_pll_i|general[0].gpll~PLL_OUTPUT_COUNTER|divclk'
Slack : 2.772
TNS   : 0.000

Type  : Slow 1100mV 85C Model Minimum Pulse Width 'CLOCK_50'
Slack : 9.224
TNS   : 0.000

Type  : Slow 1100mV 85C Model Minimum Pulse Width 'u3|pll_25mhz_inst|altera_pll_i|general[0].gpll~PLL_OUTPUT_COUNTER|divclk'
Slack : 18.791
TNS   : 0.000

Type  : Slow 1100mV 0C Model Setup 'u2|pll2_125_inst|altera_pll_i|general[0].gpll~PLL_OUTPUT_COUNTER|divclk'
Slack : -1.574
TNS   : -155.356

Type  : Slow 1100mV 0C Model Setup 'CLOCK_50'
Slack : 15.789
TNS   : 0.000

Type  : Slow 1100mV 0C Model Setup 'u3|pll_25mhz_inst|altera_pll_i|general[0].gpll~PLL_OUTPUT_COUNTER|divclk'
Slack : 17.850
TNS   : 0.000

Type  : Slow 1100mV 0C Model Hold 'u3|pll_25mhz_inst|altera_pll_i|general[0].gpll~PLL_OUTPUT_COUNTER|divclk'
Slack : 0.278
TNS   : 0.000

Type  : Slow 1100mV 0C Model Hold 'u2|pll2_125_inst|altera_pll_i|general[0].gpll~PLL_OUTPUT_COUNTER|divclk'
Slack : 0.293
TNS   : 0.000

Type  : Slow 1100mV 0C Model Hold 'CLOCK_50'
Slack : 0.374
TNS   : 0.000

Type  : Slow 1100mV 0C Model Recovery 'u2|pll2_125_inst|altera_pll_i|general[0].gpll~PLL_OUTPUT_COUNTER|divclk'
Slack : -6.191
TNS   : -785.796

Type  : Slow 1100mV 0C Model Recovery 'u3|pll_25mhz_inst|altera_pll_i|general[0].gpll~PLL_OUTPUT_COUNTER|divclk'
Slack : 13.694
TNS   : 0.000

Type  : Slow 1100mV 0C Model Removal 'u3|pll_25mhz_inst|altera_pll_i|general[0].gpll~PLL_OUTPUT_COUNTER|divclk'
Slack : 0.567
TNS   : 0.000

Type  : Slow 1100mV 0C Model Removal 'u2|pll2_125_inst|altera_pll_i|general[0].gpll~PLL_OUTPUT_COUNTER|divclk'
Slack : 1.097
TNS   : 0.000

Type  : Slow 1100mV 0C Model Minimum Pulse Width 'u2|pll2_125_inst|altera_pll_i|general[0].gpll~FRACTIONAL_PLL|vcoph[0]'
Slack : 1.333
TNS   : 0.000

Type  : Slow 1100mV 0C Model Minimum Pulse Width 'u3|pll_25mhz_inst|altera_pll_i|general[0].gpll~FRACTIONAL_PLL|vcoph[0]'
Slack : 1.666
TNS   : 0.000

Type  : Slow 1100mV 0C Model Minimum Pulse Width 'u2|pll2_125_inst|altera_pll_i|general[0].gpll~PLL_OUTPUT_COUNTER|divclk'
Slack : 2.760
TNS   : 0.000

Type  : Slow 1100mV 0C Model Minimum Pulse Width 'CLOCK_50'
Slack : 9.284
TNS   : 0.000

Type  : Slow 1100mV 0C Model Minimum Pulse Width 'u3|pll_25mhz_inst|altera_pll_i|general[0].gpll~PLL_OUTPUT_COUNTER|divclk'
Slack : 18.763
TNS   : 0.000

Type  : Fast 1100mV 85C Model Setup 'u2|pll2_125_inst|altera_pll_i|general[0].gpll~PLL_OUTPUT_COUNTER|divclk'
Slack : 0.504
TNS   : 0.000

Type  : Fast 1100mV 85C Model Setup 'CLOCK_50'
Slack : 17.309
TNS   : 0.000

Type  : Fast 1100mV 85C Model Setup 'u3|pll_25mhz_inst|altera_pll_i|general[0].gpll~PLL_OUTPUT_COUNTER|divclk'
Slack : 18.535
TNS   : 0.000

Type  : Fast 1100mV 85C Model Hold 'u3|pll_25mhz_inst|altera_pll_i|general[0].gpll~PLL_OUTPUT_COUNTER|divclk'
Slack : 0.139
TNS   : 0.000

Type  : Fast 1100mV 85C Model Hold 'u2|pll2_125_inst|altera_pll_i|general[0].gpll~PLL_OUTPUT_COUNTER|divclk'
Slack : 0.180
TNS   : 0.000

Type  : Fast 1100mV 85C Model Hold 'CLOCK_50'
Slack : 0.203
TNS   : 0.000

Type  : Fast 1100mV 85C Model Recovery 'u2|pll2_125_inst|altera_pll_i|general[0].gpll~PLL_OUTPUT_COUNTER|divclk'
Slack : -3.034
TNS   : -303.541

Type  : Fast 1100mV 85C Model Recovery 'u3|pll_25mhz_inst|altera_pll_i|general[0].gpll~PLL_OUTPUT_COUNTER|divclk'
Slack : 15.133
TNS   : 0.000

Type  : Fast 1100mV 85C Model Removal 'u3|pll_25mhz_inst|altera_pll_i|general[0].gpll~PLL_OUTPUT_COUNTER|divclk'
Slack : 0.703
TNS   : 0.000

Type  : Fast 1100mV 85C Model Removal 'u2|pll2_125_inst|altera_pll_i|general[0].gpll~PLL_OUTPUT_COUNTER|divclk'
Slack : 0.738
TNS   : 0.000

Type  : Fast 1100mV 85C Model Minimum Pulse Width 'u2|pll2_125_inst|altera_pll_i|general[0].gpll~FRACTIONAL_PLL|vcoph[0]'
Slack : 1.333
TNS   : 0.000

Type  : Fast 1100mV 85C Model Minimum Pulse Width 'u3|pll_25mhz_inst|altera_pll_i|general[0].gpll~FRACTIONAL_PLL|vcoph[0]'
Slack : 1.666
TNS   : 0.000

Type  : Fast 1100mV 85C Model Minimum Pulse Width 'u2|pll2_125_inst|altera_pll_i|general[0].gpll~PLL_OUTPUT_COUNTER|divclk'
Slack : 2.889
TNS   : 0.000

Type  : Fast 1100mV 85C Model Minimum Pulse Width 'CLOCK_50'
Slack : 9.102
TNS   : 0.000

Type  : Fast 1100mV 85C Model Minimum Pulse Width 'u3|pll_25mhz_inst|altera_pll_i|general[0].gpll~PLL_OUTPUT_COUNTER|divclk'
Slack : 18.894
TNS   : 0.000

Type  : Fast 1100mV 0C Model Setup 'u2|pll2_125_inst|altera_pll_i|general[0].gpll~PLL_OUTPUT_COUNTER|divclk'
Slack : 0.703
TNS   : 0.000

Type  : Fast 1100mV 0C Model Setup 'CLOCK_50'
Slack : 17.590
TNS   : 0.000

Type  : Fast 1100mV 0C Model Setup 'u3|pll_25mhz_inst|altera_pll_i|general[0].gpll~PLL_OUTPUT_COUNTER|divclk'
Slack : 18.659
TNS   : 0.000

Type  : Fast 1100mV 0C Model Hold 'u3|pll_25mhz_inst|altera_pll_i|general[0].gpll~PLL_OUTPUT_COUNTER|divclk'
Slack : 0.145
TNS   : 0.000

Type  : Fast 1100mV 0C Model Hold 'u2|pll2_125_inst|altera_pll_i|general[0].gpll~PLL_OUTPUT_COUNTER|divclk'
Slack : 0.167
TNS   : 0.000

Type  : Fast 1100mV 0C Model Hold 'CLOCK_50'
Slack : 0.189
TNS   : 0.000

Type  : Fast 1100mV 0C Model Recovery 'u2|pll2_125_inst|altera_pll_i|general[0].gpll~PLL_OUTPUT_COUNTER|divclk'
Slack : -2.368
TNS   : -235.898

Type  : Fast 1100mV 0C Model Recovery 'u3|pll_25mhz_inst|altera_pll_i|general[0].gpll~PLL_OUTPUT_COUNTER|divclk'
Slack : 15.853
TNS   : 0.000

Type  : Fast 1100mV 0C Model Removal 'u3|pll_25mhz_inst|altera_pll_i|general[0].gpll~PLL_OUTPUT_COUNTER|divclk'
Slack : 0.419
TNS   : 0.000

Type  : Fast 1100mV 0C Model Removal 'u2|pll2_125_inst|altera_pll_i|general[0].gpll~PLL_OUTPUT_COUNTER|divclk'
Slack : 0.687
TNS   : 0.000

Type  : Fast 1100mV 0C Model Minimum Pulse Width 'u2|pll2_125_inst|altera_pll_i|general[0].gpll~FRACTIONAL_PLL|vcoph[0]'
Slack : 1.333
TNS   : 0.000

Type  : Fast 1100mV 0C Model Minimum Pulse Width 'u3|pll_25mhz_inst|altera_pll_i|general[0].gpll~FRACTIONAL_PLL|vcoph[0]'
Slack : 1.666
TNS   : 0.000

Type  : Fast 1100mV 0C Model Minimum Pulse Width 'u2|pll2_125_inst|altera_pll_i|general[0].gpll~PLL_OUTPUT_COUNTER|divclk'
Slack : 2.890
TNS   : 0.000

Type  : Fast 1100mV 0C Model Minimum Pulse Width 'CLOCK_50'
Slack : 9.063
TNS   : 0.000

Type  : Fast 1100mV 0C Model Minimum Pulse Width 'u3|pll_25mhz_inst|altera_pll_i|general[0].gpll~PLL_OUTPUT_COUNTER|divclk'
Slack : 18.895
TNS   : 0.000

------------------------------------------------------------
